../Core/Src/main.c:77:6:lcd_send_cmd	32	static
../Core/Src/main.c:93:6:lcd_send_data	32	static
../Core/Src/main.c:109:6:lcd_clear	8	static
../Core/Src/main.c:116:6:lcd_Init	8	static
../Core/Src/main.c:141:6:lcd_send_string	16	static
../Core/Src/main.c:150:6:lcd_put_cur	16	static
../Core/Src/main.c:155:6:I2C_Scan	88	static
../Core/Src/main.c:165:6:incomingImpulse	8	static
../Core/Src/main.c:175:6:COIN_Task	16	static
../Core/Src/main.c:256:6:USART_Test	72	static
../Core/Src/main.c:274:6:LED_Task	8	static
../Core/Src/main.c:290:5:main	16	static
../Core/Src/main.c:367:6:SystemClock_Config	88	static
../Core/Src/main.c:414:13:MX_I2C1_Init	8	static
../Core/Src/main.c:448:13:MX_USART2_UART_Init	8	static
../Core/Src/main.c:481:13:MX_GPIO_Init	56	static
../Core/Src/main.c:622:6:HAL_TIM_PeriodElapsedCallback	16	static
../Core/Src/main.c:639:6:Error_Handler	4	static,ignoring_inline_asm
