../Core/Src/main.c:77:6:lcd_init	8	static
../Core/Src/main.c:101:6:lcd_send_data	32	static
../Core/Src/main.c:117:6:I2C_Scan	88	static
../Core/Src/main.c:127:6:incomingImpulse	8	static
../Core/Src/main.c:137:6:COIN_Task	16	static
../Core/Src/main.c:197:6:USART_Test	72	static
../Core/Src/main.c:215:6:LED_Task	8	static
../Core/Src/main.c:231:5:main	16	static
../Core/Src/main.c:298:6:SystemClock_Config	88	static
../Core/Src/main.c:345:13:MX_I2C1_Init	8	static
../Core/Src/main.c:379:13:MX_USART2_UART_Init	8	static
../Core/Src/main.c:412:13:MX_GPIO_Init	56	static
../Core/Src/main.c:553:6:HAL_TIM_PeriodElapsedCallback	16	static
../Core/Src/main.c:570:6:Error_Handler	4	static,ignoring_inline_asm
